// Jest Snapshot v1, https://goo.gl/fbAQLP

exports[`Snapshot Carousel renders correctly 1`] = `
<div
  className="swiper-container sc-bdnylx cTaNEn"
>
  <div
    className="swiper-button-prev"
  />
  <div
    className="swiper-button-next"
  />
  <div
    className="swiper-pagination"
  />
  <div
    className="swiper-wrapper"
  />
</div>
`;
